test_m0.py: 37 assertions (OK)
test_m0_2_family.py: 54 assertions (OK)
test_m0_mechanism.py: 25 assertions (OK)
test_m1a_1_diagnostics.py: 18 assertions (OK)
test_m1a_adaptive.py: 18 assertions (OK)
test_m1b_1_metric_scale.py: 11 assertions (OK)
test_m1b_2_micro_scaling.py: 11 assertions (OK)
test_m1b_tolerance.py: 20 assertions (OK)
test_m1c1_uniform_kernel.py: 19 assertions (OK)
test_m1c2_kernel_theory.py: 14 assertions (OK)
test_m1c3_order_criterion.py: 11 assertions (OK)
test_m1c4_churn_dynamics.py: 9 assertions (OK)
test_m1c5_boundary_gate.py: 10 assertions (OK)
test_m1c6_boundary_return.py: 11 assertions (OK)
test_m1c_kernel_ablation.py: 20 assertions (OK)
test_m2_gate1_audit.py: 7 assertions (OK)
test_m2_gate1_generality.py: 18 assertions (OK)
test_m2_gate2_sign_placement.py: 17 assertions (OK)
test_s4_s1_precision.py: 19 assertions (OK)
test_s4_s2_microscope.py: 33 assertions (OK)
test_xo_extensions.py: 59 assertions (OK)
TOTAL runtime assertions: 441
